src/components/ui/accordion/Accordion.tsx(2,32): error TS2307: Cannot find module '@base-ui/react/Accordion' or its corresponding type declarations.
src/components/ui/button/Button.tsx(2,38): error TS2307: Cannot find module '@base-ui/react/Button' or its corresponding type declarations.
src/components/ui/button/Button.tsx(38,6): error TS2339: Property 'className' does not exist on type 'ButtonProps'.
src/components/ui/button/Button.tsx(38,64): error TS2339: Property 'children' does not exist on type 'ButtonProps'.
src/components/ui/button/Button.tsx(43,38): error TS2339: Property 'disabled' does not exist on type '{}'.
src/components/ui/datepicker/DatePicker.tsx(2,30): error TS2307: Cannot find module '@base-ui/react/Popover' or its corresponding type declarations.
src/components/ui/datepicker/DatePicker.tsx(30,22): error TS2322: Type '{ children: (string | Element)[]; variant: "outline"; className: string; }' is not assignable to type 'IntrinsicAttributes & ButtonProps & RefAttributes<any>'.
  Property 'children' does not exist on type 'IntrinsicAttributes & ButtonProps & RefAttributes<any>'.
src/components/ui/input/Input.tsx(2,36): error TS2307: Cannot find module '@base-ui/react/Input' or its corresponding type declarations.
src/components/ui/input/Input.tsx(3,36): error TS2307: Cannot find module '@base-ui/react/Field' or its corresponding type declarations.
src/components/ui/input/Input.tsx(29,6): error TS2339: Property 'className' does not exist on type 'InputProps'.
src/components/ui/input/Input.tsx(29,63): error TS2339: Property 'id' does not exist on type 'InputProps'.
src/components/ui/select/Select.tsx(2,29): error TS2307: Cannot find module '@base-ui/react/Select' or its corresponding type declarations.
src/components/ui/table/Table.tsx(24,26): error TS2307: Cannot find module '../checkbox/Checkbox' or its corresponding type declarations.
src/components/ui/table/Table.tsx(25,21): error TS2307: Cannot find module '../spinner/Spinner' or its corresponding type declarations.
src/components/ui/table/Table.tsx(27,8): error TS2613: Module '"D:/code/fe/ui/ui_lib/src/components/ui/button/Button"' has no default export. Did you mean to use 'import { Button } from "D:/code/fe/ui/ui_lib/src/components/ui/button/Button"' instead?
src/components/ui/table/Table.tsx(92,40): error TS7006: Parameter 'checked' implicitly has an 'any' type.
src/components/ui/table/Table.tsx(102,40): error TS7006: Parameter 'checked' implicitly has an 'any' type.
src/lib/theme/ThemeSwitcher.tsx(1,28): error TS2307: Cannot find module '@components/ui/disclosure/Disclosure' or its corresponding type declarations.
src/main.tsx(5,35): error TS2307: Cannot find module '@radix-ui/themes' or its corresponding type declarations.
src/Test.tsx(66,39): error TS2322: Type '{ label: string; placeholder: string; }' is not assignable to type 'IntrinsicAttributes & InputProps & RefAttributes<any>'.
  Property 'placeholder' does not exist on type 'IntrinsicAttributes & InputProps & RefAttributes<any>'.
src/Test.tsx(92,39): error TS2322: Type '{ label: string; placeholder: string; }' is not assignable to type 'IntrinsicAttributes & InputProps & RefAttributes<any>'.
  Property 'placeholder' does not exist on type 'IntrinsicAttributes & InputProps & RefAttributes<any>'.
src/Test.tsx(93,37): error TS2322: Type '{ label: string; placeholder: string; }' is not assignable to type 'IntrinsicAttributes & InputProps & RefAttributes<any>'.
  Property 'placeholder' does not exist on type 'IntrinsicAttributes & InputProps & RefAttributes<any>'.
src/Test.tsx(108,12): error TS2322: Type '{ children: string; variant: "solid"; leftIcon: Element; }' is not assignable to type 'IntrinsicAttributes & ButtonProps & RefAttributes<any>'.
  Property 'children' does not exist on type 'IntrinsicAttributes & ButtonProps & RefAttributes<any>'.
src/Test.tsx(111,12): error TS2322: Type '{ children: string; variant: "outline"; leftIcon: Element; }' is not assignable to type 'IntrinsicAttributes & ButtonProps & RefAttributes<any>'.
  Property 'children' does not exist on type 'IntrinsicAttributes & ButtonProps & RefAttributes<any>'.
